
======================================================================
Auto Debit Started : 2026-07-30
======================================================================

======================================================================
Processed : 0
Skipped  : 2
Failed   : 0
======================================================================

======================================================================
Auto Debit Started : 2026-07-30
======================================================================

======================================================================
Processed : 0
Skipped  : 2
Failed   : 0
======================================================================

======================================================================
Auto Debit Started : 2026-07-30
======================================================================

======================================================================
Processed : 0
Skipped  : 2
Failed   : 0
======================================================================
